============================= test session starts =============================
platform win32 -- Python 3.12.0rc3, pytest-8.4.1, pluggy-1.6.0
rootdir: D:\DAIP\refactdoc
configfile: pytest.ini
plugins: anyio-4.10.0, asyncio-1.1.0, mock-3.14.1
asyncio: mode=Mode.STRICT, asyncio_default_fixture_loop_scope=None, asyncio_default_test_loop_scope=function
collected 2 items

tests\test_cli\test_session_commands.py .F

================================== FAILURES ===================================
_______________________ test_session_view_autocomplete ________________________

mock_session_manager = <Mock spec='SessionManager' id='2004511368752'>

    @pytest.mark.asyncio
    async def test_session_view_autocomplete(mock_session_manager):
        """Test that typing /session view shows session IDs in the autocomplete."""
        tui = DAIP_TUI(
            executor=Mock(),
            goal=None,
            session_manager=mock_session_manager,
            role_manager=Mock(spec=RoleManager),
            knowledge_manager=Mock(spec=KnowledgeManager),
            debate_manager=Mock(spec=DebateManager),
            model_provider=Mock(spec=LiteLLMProvider),
            db_manager=Mock(spec=DatabaseManager),
            config_manager=Mock(spec=ConfigManager)
        )
    
        async with tui.run_test() as pilot:
            command = "/session view "
            for char in command:
                await pilot.press(char)
            await pilot.pause(0.1)
    
            # Assert that the popup is visible
>           assert len(pilot.app.query("#autocomplete-popup")) == 1, "Autocomplete should appear for parameters."
E           AssertionError: Autocomplete should appear for parameters.
E           assert 0 == 1
E            +  where 0 = len(<DOMQuery query='#autocomplete-popup'>)
E            +    where <DOMQuery query='#autocomplete-popup'> = query('#autocomplete-popup')
E            +      where query = DAIP_TUI(title='DAIP_TUI', classes={'-dark-mode'}).query
E            +        where DAIP_TUI(title='DAIP_TUI', classes={'-dark-mode'}) = <Pilot app=DAIP_TUI(title='DAIP_TUI', classes={'-dark-mode'})>.app

tests\test_cli\test_session_commands.py:87: AssertionError
============================== warnings summary ===============================
tests/test_cli/test_session_commands.py::test_session_list_command
tests/test_cli/test_session_commands.py::test_session_list_command
tests/test_cli/test_session_commands.py::test_session_view_autocomplete
tests/test_cli/test_session_commands.py::test_session_view_autocomplete
  C:\Users\Zhang\AppData\Local\pypoetry\Cache\virtualenvs\daip-live-YP3_9gVH-py3.12\Lib\site-packages\pydantic\main.py:253: DeprecationWarning: datetime.datetime.utcnow() is deprecated and scheduled for removal in a future version. Use timezone-aware objects to represent datetimes in UTC: datetime.datetime.now(datetime.UTC).
    validated_self = self.__pydantic_validator__.validate_python(data, self_instance=self)

-- Docs: https://docs.pytest.org/en/stable/how-to/capture-warnings.html
=========================== short test summary info ===========================
FAILED tests/test_cli/test_session_commands.py::test_session_view_autocomplete
================== 1 failed, 1 passed, 4 warnings in 11.06s ===================
